{
  "files": [
    {
      "kind": "rust",
      "owner_scope": "crate",
      "owners": [
        "lib-a"
      ],
      "path": "crates/lib-a/src/lib.rs",
      "sub_kind": "src"
    }
  ],
  "impact": {
    "build_transitive_crates": [
      "lib-b"
    ],
    "development_transitive_crates": [],
    "direct_crates": [
      "lib-a"
    ]
  },
  "inputs": {
    "confidence_profile": "balanced",
    "confidence_profile_source": "config",
    "config_fingerprint": "<CONFIG_FP>",
    "refs": {
      "from": null,
      "merge_base": false,
      "resolved_base": "origin/main",
      "resolved_head": "WORKTREE",
      "since": "origin/main",
      "to": null
    },
    "snapshot_id": "<SNAPSHOT_ID>",
    "toolchain_fingerprint": "<TOOLCHAIN_FP>",
    "workspace_root": "<WORKSPACE_ROOT>"
  },
  "plan_contract_version": 6,
  "reproducibility": {
    "cargo_rail_version": "<VERSION>",
    "config_hash": "<CONFIG_HASH>",
    "git_shallow_clone": false
  },
  "resolution_universe": {
    "identity": "resolution-universe-v1:sha256:d9951bcb0228ff1649b59fc0ef804e75b2f9c6cbb6736197b851a3e542a98d95",
    "mode": "declared_dependencies"
  },
  "scope": {
    "cargo_args": [
      "--workspace"
    ],
    "crates": [],
    "mode": "workspace",
    "resolved_base": "origin/main",
    "resolved_head": "WORKTREE",
    "scope_contract_version": 4
  },
  "surfaces": {
    "bench": {
      "enabled": true,
      "reasons": [
        4
      ],
      "scope": {
        "cargo_args": [
          "-p",
          "lib-b"
        ],
        "crates": [
          "lib-b"
        ],
        "mode": "crates"
      }
    },
    "build": {
      "enabled": true,
      "reasons": [
        3,
        4
      ],
      "scope": {
        "cargo_args": [
          "--workspace"
        ],
        "crates": [],
        "mode": "workspace"
      }
    },
    "docs": {
      "enabled": false,
      "reasons": [],
      "scope": {
        "cargo_args": [],
        "crates": [],
        "mode": "empty"
      }
    },
    "infra": {
      "enabled": false,
      "reasons": [],
      "scope": {
        "cargo_args": [],
        "crates": [],
        "mode": "empty"
      }
    },
    "test": {
      "enabled": true,
      "reasons": [
        3,
        4
      ],
      "scope": {
        "cargo_args": [
          "--workspace"
        ],
        "crates": [],
        "mode": "workspace"
      }
    }
  },
  "trace": [
    {
      "code": "CONFIDENCE_PROFILE_BALANCED",
      "description": "Balanced confidence profile active",
      "id": 1,
      "selected_surfaces": []
    },
    {
      "code": "FILE_OWNS_CRATE_DIRECT",
      "crate": "lib-a",
      "description": "File directly owns a crate",
      "file": "crates/lib-a/src/lib.rs",
      "id": 2,
      "package_id": "<PACKAGE_ID:lib-a>",
      "selected_surfaces": []
    },
    {
      "code": "FILE_KIND_RUST_SRC",
      "description": "Rust source file changed",
      "file": "crates/lib-a/src/lib.rs",
      "id": 3,
      "selected_surfaces": [
        "build",
        "test"
      ]
    },
    {
      "alias": "lib_a",
      "code": "TRANSITIVE_DEPENDS_ON_DIRECT",
      "crate": "lib-b",
      "depends_on": "lib-a",
      "depends_on_package_id": "<PACKAGE_ID:lib-a>",
      "description": "Transitive dependency of changed crate",
      "edge_kind": "normal",
      "id": 4,
      "optional": false,
      "package_id": "<PACKAGE_ID:lib-b>",
      "selected_surfaces": [
        "bench",
        "build",
        "test"
      ],
      "uses_default_features": true
    }
  ]
}
