{
  "files": [
    {
      "kind": "rust",
      "owner_scope": "crate",
      "owners": [
        "lib-a"
      ],
      "path": "crates/lib-a/src/lib.rs",
      "sub_kind": "src"
    }
  ],
  "impact": {
    "direct_crates": [
      "lib-a"
    ],
    "transitive_crates": [
      "lib-b"
    ]
  },
  "inputs": {
    "confidence_profile": "balanced",
    "confidence_profile_source": "config",
    "config_fingerprint": "<CONFIG_FP>",
    "refs": {
      "from": null,
      "merge_base": false,
      "resolved_base": "origin/main",
      "resolved_head": "WORKTREE",
      "since": "origin/main",
      "to": null
    },
    "toolchain_fingerprint": "<TOOLCHAIN_FP>",
    "workspace_root": "<WORKSPACE_ROOT>"
  },
  "plan_contract_version": 1,
  "surfaces": {
    "bench": {
      "enabled": false,
      "reasons": []
    },
    "build": {
      "enabled": true,
      "reasons": [
        3,
        4
      ]
    },
    "docs": {
      "enabled": false,
      "reasons": []
    },
    "infra": {
      "enabled": false,
      "reasons": []
    },
    "test": {
      "enabled": true,
      "reasons": [
        3,
        4
      ]
    }
  },
  "trace": [
    {
      "code": "CONFIDENCE_PROFILE_BALANCED",
      "id": 1
    },
    {
      "code": "FILE_OWNS_CRATE_DIRECT",
      "crate": "lib-a",
      "file": "crates/lib-a/src/lib.rs",
      "id": 2
    },
    {
      "code": "FILE_KIND_RUST_SRC",
      "file": "crates/lib-a/src/lib.rs",
      "id": 3,
      "surface": "build"
    },
    {
      "code": "TRANSITIVE_DEPENDS_ON_DIRECT",
      "crate": "lib-b",
      "depends_on": "lib-a",
      "id": 4,
      "surface": "build"
    }
  ]
}
