build=true
test=true
bench=false
docs=false
infra=false
base_ref=origin/main
cargo_args=--workspace
scope_json={"cargo_args":["--workspace"],"crates":[],"mode":"workspace","resolved_base":"origin/main","resolved_head":"WORKTREE","scope_contract_version":2,"surfaces":{"bench":false,"build":true,"docs":false,"infra":false,"test":true}}
